#-----------------------------------------------------------
# Vivado v2020.1 (64-bit)
# SW Build 2902540 on Wed May 27 19:54:49 MDT 2020
# IP Build 2902112 on Wed May 27 22:43:36 MDT 2020
# Start of session at: Fri Feb 17 12:38:44 2023
# Process ID: 55272
# Current directory: C:/Users/angel/ECE460M_Lab3
# Command line: vivado.exe -gui_launcher_event rodinguilauncherevent16032 C:\Users\angel\ECE460M_Lab3\ECE460M_Lab3.xpr
# Log file: C:/Users/angel/ECE460M_Lab3/vivado.log
# Journal file: C:/Users/angel/ECE460M_Lab3\vivado.jou
#-----------------------------------------------------------
start_gui
open_project C:/Users/angel/ECE460M_Lab3/ECE460M_Lab3.xpr
update_compile_order -fileset sources_1
close [ open C:/Users/angel/ECE460M_Lab3/ECE460M_Lab3.srcs/sources_1/new/PulseGenerator.v w ]
add_files C:/Users/angel/ECE460M_Lab3/ECE460M_Lab3.srcs/sources_1/new/PulseGenerator.v
update_compile_order -fileset sources_1
close [ open C:/Users/angel/ECE460M_Lab3/ECE460M_Lab3.srcs/sources_1/new/Top.v w ]
add_files C:/Users/angel/ECE460M_Lab3/ECE460M_Lab3.srcs/sources_1/new/Top.v
update_compile_order -fileset sources_1
close [ open C:/Users/angel/ECE460M_Lab3/ECE460M_Lab3.srcs/sources_1/new/Binary2BCD.v w ]
add_files C:/Users/angel/ECE460M_Lab3/ECE460M_Lab3.srcs/sources_1/new/Binary2BCD.v
update_compile_order -fileset sources_1
close [ open C:/Users/angel/ECE460M_Lab3/ECE460M_Lab3.srcs/sources_1/new/BCD_7seg.v w ]
add_files C:/Users/angel/ECE460M_Lab3/ECE460M_Lab3.srcs/sources_1/new/BCD_7seg.v
update_compile_order -fileset sources_1
# Disabling source management mode.  This is to allow the top design properties to be set without GUI intervention.
set_property source_mgmt_mode None [current_project]
set_property top Top [current_fileset]
# Re-enabling previously disabled source management mode.
set_property source_mgmt_mode All [current_project]
update_compile_order -fileset sources_1
close [ open C:/Users/angel/ECE460M_Lab3/ECE460M_Lab3.srcs/sources_1/new/mux.v w ]
add_files C:/Users/angel/ECE460M_Lab3/ECE460M_Lab3.srcs/sources_1/new/mux.v
update_compile_order -fileset sources_1
